Archive member included because of file (symbol)

/usr/local/lib/mbgcc/bin/../lib/gcc/microblazeel-xilinx-linux-gnu/4.6.2/libgcc.a(divsi3.o)
                              ipc.o (__divsi3)

Memory Configuration

Name             Origin             Length             Attributes
*default*        0x00000000         0xffffffff

Linker script and memory map

LOAD /usr/local/lib/mbgcc/bin/../microblazeel-xilinx-linux-gnu/sys-root/usr/lib/crti.o
LOAD /usr/local/lib/mbgcc/bin/../lib/gcc/microblazeel-xilinx-linux-gnu/4.6.2/crtbeginS.o
LOAD ipc.o
LOAD /usr/local/lib/mbgcc/bin/../lib/gcc/microblazeel-xilinx-linux-gnu/4.6.2/libgcc.a
LOAD /usr/local/lib/mbgcc/bin/../lib/gcc/microblazeel-xilinx-linux-gnu/4.6.2/../../../../microblazeel-xilinx-linux-gnu/lib/libgcc_s.so
LOAD /usr/local/lib/mbgcc/bin/../microblazeel-xilinx-linux-gnu/sys-root/usr/lib/libc.so
START GROUP
LOAD /usr/local/lib/mbgcc/bin/../microblazeel-xilinx-linux-gnu/sys-root/lib/libc.so.6
LOAD /usr/local/lib/mbgcc/bin/../microblazeel-xilinx-linux-gnu/sys-root/usr/lib/libc_nonshared.a
LOAD /usr/local/lib/mbgcc/bin/../microblazeel-xilinx-linux-gnu/sys-root/lib/ld.so.1
END GROUP
LOAD /usr/local/lib/mbgcc/bin/../lib/gcc/microblazeel-xilinx-linux-gnu/4.6.2/libgcc.a
LOAD /usr/local/lib/mbgcc/bin/../lib/gcc/microblazeel-xilinx-linux-gnu/4.6.2/../../../../microblazeel-xilinx-linux-gnu/lib/libgcc_s.so
LOAD /usr/local/lib/mbgcc/bin/../lib/gcc/microblazeel-xilinx-linux-gnu/4.6.2/crtendS.o
LOAD /usr/local/lib/mbgcc/bin/../microblazeel-xilinx-linux-gnu/sys-root/usr/lib/crtn.o
                0x00000094                . = (0x0 + SIZEOF_HEADERS)

.note.gnu.build-id
 *(.note.gnu.build-id)

.hash           0x00000094      0x190
 *(.hash)
 .hash          0x00000094      0x190 /usr/local/lib/mbgcc/bin/../microblazeel-xilinx-linux-gnu/sys-root/usr/lib/crti.o

.gnu.hash
 *(.gnu.hash)

.dynsym         0x00000224      0x3d0
 *(.dynsym)
 .dynsym        0x00000224      0x3d0 /usr/local/lib/mbgcc/bin/../microblazeel-xilinx-linux-gnu/sys-root/usr/lib/crti.o

.dynstr         0x000005f4      0x25e
 *(.dynstr)
 .dynstr        0x000005f4      0x25e /usr/local/lib/mbgcc/bin/../microblazeel-xilinx-linux-gnu/sys-root/usr/lib/crti.o

.gnu.version    0x00000852       0x7a
 *(.gnu.version)
 .gnu.version   0x00000852       0x7a /usr/local/lib/mbgcc/bin/../microblazeel-xilinx-linux-gnu/sys-root/usr/lib/crti.o

.gnu.version_d  0x000008cc        0x0
 *(.gnu.version_d)
 .gnu.version_d
                0x00000000        0x0 /usr/local/lib/mbgcc/bin/../microblazeel-xilinx-linux-gnu/sys-root/usr/lib/crti.o

.gnu.version_r  0x000008cc       0x30
 *(.gnu.version_r)
 .gnu.version_r
                0x000008cc       0x30 /usr/local/lib/mbgcc/bin/../microblazeel-xilinx-linux-gnu/sys-root/usr/lib/crti.o

.rel.dyn
 *(.rel.init)
 *(.rel.text .rel.text.* .rel.gnu.linkonce.t.*)
 *(.rel.fini)
 *(.rel.rodata .rel.rodata.* .rel.gnu.linkonce.r.*)
 *(.rel.data.rel.ro* .rel.gnu.linkonce.d.rel.ro.*)
 *(.rel.data .rel.data.* .rel.gnu.linkonce.d.*)
 *(.rel.tdata .rel.tdata.* .rel.gnu.linkonce.td.*)
 *(.rel.tbss .rel.tbss.* .rel.gnu.linkonce.tb.*)
 *(.rel.ctors)
 *(.rel.dtors)
 *(.rel.got)
 *(.rel.bss .rel.bss.* .rel.gnu.linkonce.b.*)
 *(.rel.iplt)

.rela.dyn       0x000008fc      0x150
 *(.rela.init)
 *(.rela.text .rela.text.* .rela.gnu.linkonce.t.*)
 *(.rela.fini)
 *(.rela.rodata .rela.rodata.* .rela.gnu.linkonce.r.*)
 *(.rela.data .rela.data.* .rela.gnu.linkonce.d.*)
 .rela.data.rel
                0x000008fc        0xc /usr/local/lib/mbgcc/bin/../microblazeel-xilinx-linux-gnu/sys-root/usr/lib/crti.o
 *(.rela.tdata .rela.tdata.* .rela.gnu.linkonce.td.*)
 *(.rela.tbss .rela.tbss.* .rela.gnu.linkonce.tb.*)
 *(.rela.ctors)
 *(.rela.dtors)
 *(.rela.got)
 .rela.got      0x00000908      0x144 /usr/local/lib/mbgcc/bin/../microblazeel-xilinx-linux-gnu/sys-root/usr/lib/crti.o
 *(.rela.bss .rela.bss.* .rela.gnu.linkonce.b.*)
 *(.rela.iplt)

.rel.plt
 *(.rel.plt)

.rela.plt       0x00000a4c      0x168
 *(.rela.plt)
 .rela.plt      0x00000a4c      0x168 /usr/local/lib/mbgcc/bin/../microblazeel-xilinx-linux-gnu/sys-root/usr/lib/crti.o

.init           0x00000bb4       0x58
 *(.init)
 .init          0x00000bb4       0x30 /usr/local/lib/mbgcc/bin/../microblazeel-xilinx-linux-gnu/sys-root/usr/lib/crti.o
                0x00000bb4                _init
 .init          0x00000be4        0xc /usr/local/lib/mbgcc/bin/../lib/gcc/microblazeel-xilinx-linux-gnu/4.6.2/crtbeginS.o
 .init          0x00000bf0        0xc /usr/local/lib/mbgcc/bin/../lib/gcc/microblazeel-xilinx-linux-gnu/4.6.2/crtendS.o
 .init          0x00000bfc       0x10 /usr/local/lib/mbgcc/bin/../microblazeel-xilinx-linux-gnu/sys-root/usr/lib/crtn.o

.plt            0x00000c0c      0x1f4
 *(.plt)
 .plt           0x00000c0c      0x1f4 /usr/local/lib/mbgcc/bin/../microblazeel-xilinx-linux-gnu/sys-root/usr/lib/crti.o

.iplt
 *(.iplt)

.text           0x00000e00     0x1890
 *(.text.unlikely .text.*_unlikely)
 *(.text.exit .text.exit.*)
 *(.text.startup .text.startup.*)
 *(.text.hot .text.hot.*)
 *(.text .stub .text.* .gnu.linkonce.t.*)
 .text          0x00000e00        0x0 /usr/local/lib/mbgcc/bin/../microblazeel-xilinx-linux-gnu/sys-root/usr/lib/crti.o
 .text          0x00000e00      0x134 /usr/local/lib/mbgcc/bin/../lib/gcc/microblazeel-xilinx-linux-gnu/4.6.2/crtbeginS.o
 .text          0x00000f34     0x166c ipc.o
                0x00000f34                IPC_init
                0x000010d8                IPC_deinit
                0x00001260                IPC_start
                0x00001634                IPC_stop
                0x00001788                IPC_alloc_msg
                0x000018c0                IPC_get_msg
                0x00001938                IPC_free_msg
                0x000019d0                IPC_send_msg
                0x00001c04                IPC_wait_msg
                0x00001fc0                IPC_reply_msg
                0x00002180                IPC_get_msg_context
                0x000021d8                IPC_cleanup_proc
                0x00002288                IPC_set_owner
                0x000023dc                IPC_get_context_by_owner
                0x00002588                IPC_general_func
 .text          0x000025a0       0x9c /usr/local/lib/mbgcc/bin/../lib/gcc/microblazeel-xilinx-linux-gnu/4.6.2/libgcc.a(divsi3.o)
                0x000025a0                __divsi3
 .text          0x0000263c       0x54 /usr/local/lib/mbgcc/bin/../lib/gcc/microblazeel-xilinx-linux-gnu/4.6.2/crtendS.o
 .text          0x00002690        0x0 /usr/local/lib/mbgcc/bin/../microblazeel-xilinx-linux-gnu/sys-root/usr/lib/crtn.o
 *(.gnu.warning)

.fini           0x00002690       0x34
 *(.fini)
 .fini          0x00002690       0x18 /usr/local/lib/mbgcc/bin/../microblazeel-xilinx-linux-gnu/sys-root/usr/lib/crti.o
                0x00002690                _fini
 .fini          0x000026a8        0xc /usr/local/lib/mbgcc/bin/../lib/gcc/microblazeel-xilinx-linux-gnu/4.6.2/crtbeginS.o
 .fini          0x000026b4       0x10 /usr/local/lib/mbgcc/bin/../microblazeel-xilinx-linux-gnu/sys-root/usr/lib/crtn.o
                0x000026c4                PROVIDE (__etext, .)
                0x000026c4                PROVIDE (_etext, .)
                0x000026c4                PROVIDE (etext, .)

.rodata         0x000026c4      0x213
 *(.rodata .rodata.* .gnu.linkonce.r.*)
 .rodata        0x000026c4      0x213 ipc.o

.rodata1
 *(.rodata1)

.eh_frame_hdr   0x000028d8        0x0
 *(.eh_frame_hdr)
 .eh_frame_hdr  0x00000000        0x0 /usr/local/lib/mbgcc/bin/../microblazeel-xilinx-linux-gnu/sys-root/usr/lib/crtn.o

.eh_frame       0x000028d8        0x4
 *(.eh_frame)
 .eh_frame      0x000028d8        0x4 /usr/local/lib/mbgcc/bin/../lib/gcc/microblazeel-xilinx-linux-gnu/4.6.2/crtendS.o

.gcc_except_table
 *(.gcc_except_table .gcc_except_table.*)

.exception_ranges
 *(.exception_ranges .exception_ranges*)
                0x000028dc                . = (ALIGN (0x1000) - ((0x1000 - .) & 0xfff))
                0x000038dc                . = DATA_SEGMENT_ALIGN (0x1000, 0x1000)

.eh_frame
 *(.eh_frame)

.gcc_except_table
 *(.gcc_except_table .gcc_except_table.*)

.exception_ranges
 *(.exception_ranges .exception_ranges*)

.tdata
 *(.tdata .tdata.* .gnu.linkonce.td.*)

.tbss
 *(.tbss .tbss.* .gnu.linkonce.tb.*)
 *(.tcommon)

.preinit_array
 *(.preinit_array)

.init_array
 *(SORT(.init_array.*))
 *(.init_array)

.fini_array
 *(SORT(.fini_array.*))
 *(.fini_array)

.ctors          0x000038dc        0x8
 *crtbegin.o(.ctors)
 *crtbegin?.o(.ctors)
 .ctors         0x000038dc        0x4 /usr/local/lib/mbgcc/bin/../lib/gcc/microblazeel-xilinx-linux-gnu/4.6.2/crtbeginS.o
 *(EXCLUDE_FILE(*crtend?.o *crtend.o) .ctors)
 *(SORT(.ctors.*))
 *(.ctors)
 .ctors         0x000038e0        0x4 /usr/local/lib/mbgcc/bin/../lib/gcc/microblazeel-xilinx-linux-gnu/4.6.2/crtendS.o

.dtors          0x000038e4        0x8
 *crtbegin.o(.dtors)
 *crtbegin?.o(.dtors)
 .dtors         0x000038e4        0x4 /usr/local/lib/mbgcc/bin/../lib/gcc/microblazeel-xilinx-linux-gnu/4.6.2/crtbeginS.o
 *(EXCLUDE_FILE(*crtend?.o *crtend.o) .dtors)
 *(SORT(.dtors.*))
 *(.dtors)
 .dtors         0x000038e8        0x4 /usr/local/lib/mbgcc/bin/../lib/gcc/microblazeel-xilinx-linux-gnu/4.6.2/crtendS.o
                0x000038e8                __DTOR_END__

.jcr            0x000038ec        0x4
 *(.jcr)
 .jcr           0x000038ec        0x0 /usr/local/lib/mbgcc/bin/../lib/gcc/microblazeel-xilinx-linux-gnu/4.6.2/crtbeginS.o
 .jcr           0x000038ec        0x4 /usr/local/lib/mbgcc/bin/../lib/gcc/microblazeel-xilinx-linux-gnu/4.6.2/crtendS.o

.data.rel.ro
 *(.data.rel.ro.local* .gnu.linkonce.d.rel.ro.local.*)
 *(.data.rel.ro* .gnu.linkonce.d.rel.ro.*)

.dynamic        0x000038f0       0xc8
 *(.dynamic)
 .dynamic       0x000038f0       0xc8 /usr/local/lib/mbgcc/bin/../microblazeel-xilinx-linux-gnu/sys-root/usr/lib/crti.o
                0x000038f0                _DYNAMIC

.got            0x000039b8       0x6c
 *(.got)
 .got           0x000039b8       0x6c /usr/local/lib/mbgcc/bin/../microblazeel-xilinx-linux-gnu/sys-root/usr/lib/crti.o
 *(.igot)
                0x00003a24                . = DATA_SEGMENT_RELRO_END (., 0xc)

.got.plt        0x00003a24       0x84
 *(.got.plt)
 .got.plt       0x00003a24       0x84 /usr/local/lib/mbgcc/bin/../microblazeel-xilinx-linux-gnu/sys-root/usr/lib/crti.o
                0x00003a24                _GLOBAL_OFFSET_TABLE_
 *(.igot.plt)

.data           0x00003aa8        0xc
 *(.data .data.* .gnu.linkonce.d.*)
 .data          0x00003aa8        0x0 /usr/local/lib/mbgcc/bin/../microblazeel-xilinx-linux-gnu/sys-root/usr/lib/crti.o
 .data          0x00003aa8        0x4 /usr/local/lib/mbgcc/bin/../lib/gcc/microblazeel-xilinx-linux-gnu/4.6.2/crtbeginS.o
 .data.rel      0x00003aac        0x4 /usr/local/lib/mbgcc/bin/../lib/gcc/microblazeel-xilinx-linux-gnu/4.6.2/crtbeginS.o
                0x00003aac                __dso_handle
 .data          0x00003ab0        0x0 ipc.o
 .data          0x00003ab0        0x0 /usr/local/lib/mbgcc/bin/../lib/gcc/microblazeel-xilinx-linux-gnu/4.6.2/libgcc.a(divsi3.o)
 .data          0x00003ab0        0x4 /usr/local/lib/mbgcc/bin/../lib/gcc/microblazeel-xilinx-linux-gnu/4.6.2/crtendS.o
 .data          0x00003ab4        0x0 /usr/local/lib/mbgcc/bin/../microblazeel-xilinx-linux-gnu/sys-root/usr/lib/crtn.o

.data1
 *(.data1)
                0x00003ab4                _edata = .
                0x00003ab4                PROVIDE (edata, .)
                0x00003ab4                __bss_start = .

.bss            0x00003ab4       0x30
 *(.dynbss)
 .dynbss        0x00003ab4        0x0 /usr/local/lib/mbgcc/bin/../microblazeel-xilinx-linux-gnu/sys-root/usr/lib/crti.o
 *(.bss .bss.* .gnu.linkonce.b.*)
 .bss           0x00003ab4        0x0 /usr/local/lib/mbgcc/bin/../microblazeel-xilinx-linux-gnu/sys-root/usr/lib/crti.o
 .bss           0x00003ab4        0x8 /usr/local/lib/mbgcc/bin/../lib/gcc/microblazeel-xilinx-linux-gnu/4.6.2/crtbeginS.o
 .bss           0x00003abc       0x28 ipc.o
 .bss           0x00003ae4        0x0 /usr/local/lib/mbgcc/bin/../lib/gcc/microblazeel-xilinx-linux-gnu/4.6.2/libgcc.a(divsi3.o)
 .bss           0x00003ae4        0x0 /usr/local/lib/mbgcc/bin/../lib/gcc/microblazeel-xilinx-linux-gnu/4.6.2/crtendS.o
 .bss           0x00003ae4        0x0 /usr/local/lib/mbgcc/bin/../microblazeel-xilinx-linux-gnu/sys-root/usr/lib/crtn.o
 *(COMMON)
                0x00003ae4                . = ALIGN ((. != 0x0)?0x4:0x1)
                0x00003ae4                . = ALIGN (0x4)
                0x00003ae4                . = ALIGN (0x4)
                0x00003ae4                _end = .
                0x00003ae4                PROVIDE (end, .)
                0x00003ae4                . = DATA_SEGMENT_END (.)

.stab
 *(.stab)

.stabstr
 *(.stabstr)

.stab.excl
 *(.stab.excl)

.stab.exclstr
 *(.stab.exclstr)

.stab.index
 *(.stab.index)

.stab.indexstr
 *(.stab.indexstr)

.comment
 *(.comment)

.debug
 *(.debug)

.line
 *(.line)

.debug_srcinfo
 *(.debug_srcinfo)

.debug_sfnames
 *(.debug_sfnames)

.debug_aranges  0x00000000       0x40
 *(.debug_aranges)
 .debug_aranges
                0x00000000       0x20 ipc.o
 .debug_aranges
                0x00000020       0x20 /usr/local/lib/mbgcc/bin/../lib/gcc/microblazeel-xilinx-linux-gnu/4.6.2/libgcc.a(divsi3.o)

.debug_pubnames
 *(.debug_pubnames)

.debug_info     0x00000000      0xf27
 *(.debug_info .gnu.linkonce.wi.*)
 .debug_info    0x00000000      0xd90 ipc.o
 .debug_info    0x00000d90      0x197 /usr/local/lib/mbgcc/bin/../lib/gcc/microblazeel-xilinx-linux-gnu/4.6.2/libgcc.a(divsi3.o)

.debug_abbrev   0x00000000      0x28c
 *(.debug_abbrev)
 .debug_abbrev  0x00000000      0x278 ipc.o
 .debug_abbrev  0x00000278       0x14 /usr/local/lib/mbgcc/bin/../lib/gcc/microblazeel-xilinx-linux-gnu/4.6.2/libgcc.a(divsi3.o)

.debug_line     0x00000000      0xcd4
 *(.debug_line)
 .debug_line    0x00000000      0xbdb ipc.o
 .debug_line    0x00000bdb       0xf9 /usr/local/lib/mbgcc/bin/../lib/gcc/microblazeel-xilinx-linux-gnu/4.6.2/libgcc.a(divsi3.o)

.debug_frame    0x00000000      0x1fc
 *(.debug_frame)
 .debug_frame   0x00000000      0x1fc ipc.o

.debug_str      0x00000000      0x73d
 *(.debug_str)
 .debug_str     0x00000000      0x73d ipc.o
                                0x7d3 (size before relaxing)

.debug_loc      0x00000000      0x936
 *(.debug_loc)
 .debug_loc     0x00000000      0x936 ipc.o

.debug_macinfo
 *(.debug_macinfo)

.debug_weaknames
 *(.debug_weaknames)

.debug_funcnames
 *(.debug_funcnames)

.debug_typenames
 *(.debug_typenames)

.debug_varnames
 *(.debug_varnames)

.debug_pubtypes
 *(.debug_pubtypes)

.debug_ranges   0x00000000       0x48
 *(.debug_ranges)
 .debug_ranges  0x00000000       0x48 ipc.o

.gnu.attributes
 *(.gnu.attributes)

/DISCARD/
 *(.note.GNU-stack)
 *(.gnu_debuglink)
 *(.gnu.lto_*)
OUTPUT(libipc.so elf32-microblazeel)
