Archive member included to satisfy reference by file (symbol)

/usr/lib/i386-linux-gnu/libc_nonshared.a(elf-init.oS)
                              /usr/lib/gcc/i686-linux-gnu/4.8/../../../i386-linux-gnu/crt1.o (__libc_csu_init)

As-needed library included to satisfy reference by file (symbol)

libipc.so                     pcd_api.o (IPC_set_owner)
libpcd.so                     main.o (PCD_api_find_process_id)
librt.so.1                    process.o (clock_gettime@@GLIBC_2.2)
libc.so.6                     condchk.o (socket@@GLIBC_2.0)

Discarded input sections

 .note.GNU-stack
                0x0000000000000000        0x0 /usr/lib/gcc/i686-linux-gnu/4.8/../../../i386-linux-gnu/crt1.o
 .gnu_debuglink
                0x0000000000000000        0xc /usr/lib/gcc/i686-linux-gnu/4.8/../../../i386-linux-gnu/crt1.o
 .note.GNU-stack
                0x0000000000000000        0x0 /usr/lib/gcc/i686-linux-gnu/4.8/../../../i386-linux-gnu/crti.o
 .gnu_debuglink
                0x0000000000000000        0xc /usr/lib/gcc/i686-linux-gnu/4.8/../../../i386-linux-gnu/crti.o
 .note.GNU-stack
                0x0000000000000000        0x0 /usr/lib/gcc/i686-linux-gnu/4.8/crtbegin.o
 .note.GNU-stack
                0x0000000000000000        0x0 condchk.o
 .note.GNU-stack
                0x0000000000000000        0x0 errlog.o
 .note.GNU-stack
                0x0000000000000000        0x0 except.o
 .note.GNU-stack
                0x0000000000000000        0x0 failact.o
 .note.GNU-stack
                0x0000000000000000        0x0 main.o
 .note.GNU-stack
                0x0000000000000000        0x0 misc.o
 .note.GNU-stack
                0x0000000000000000        0x0 parser.o
 .note.GNU-stack
                0x0000000000000000        0x0 pcd_api.o
 .note.GNU-stack
                0x0000000000000000        0x0 process.o
 .note.GNU-stack
                0x0000000000000000        0x0 rules_db.o
 .note.GNU-stack
                0x0000000000000000        0x0 timer.o
 .group         0x0000000000000000        0x8 /usr/lib/i386-linux-gnu/libc_nonshared.a(elf-init.oS)
 .text.__x86.get_pc_thunk.bx
                0x0000000000000000        0x4 /usr/lib/i386-linux-gnu/libc_nonshared.a(elf-init.oS)
 .note.GNU-stack
                0x0000000000000000        0x0 /usr/lib/i386-linux-gnu/libc_nonshared.a(elf-init.oS)
 .note.GNU-stack
                0x0000000000000000        0x0 /usr/lib/gcc/i686-linux-gnu/4.8/crtend.o
 .note.GNU-stack
                0x0000000000000000        0x0 /usr/lib/gcc/i686-linux-gnu/4.8/../../../i386-linux-gnu/crtn.o
 .gnu_debuglink
                0x0000000000000000        0xc /usr/lib/gcc/i686-linux-gnu/4.8/../../../i386-linux-gnu/crtn.o

Memory Configuration

Name             Origin             Length             Attributes
*default*        0x0000000000000000 0xffffffffffffffff

Linker script and memory map

LOAD /usr/lib/gcc/i686-linux-gnu/4.8/../../../i386-linux-gnu/crt1.o
LOAD /usr/lib/gcc/i686-linux-gnu/4.8/../../../i386-linux-gnu/crti.o
LOAD /usr/lib/gcc/i686-linux-gnu/4.8/crtbegin.o
LOAD condchk.o
LOAD errlog.o
LOAD except.o
LOAD failact.o
LOAD main.o
LOAD misc.o
LOAD parser.o
LOAD pcd_api.o
LOAD process.o
LOAD rules_db.o
LOAD timer.o
LOAD /home/spaceconcordia/CONSAT1/space-pcd/pcd-1.1.6/ipc/src/libipc.so
LOAD /home/spaceconcordia/CONSAT1/space-pcd/pcd-1.1.6/pcd/src/pcdapi/src/libpcd.so
LOAD /usr/lib/gcc/i686-linux-gnu/4.8/../../../i386-linux-gnu/librt.so
LOAD /usr/lib/gcc/i686-linux-gnu/4.8/../../../i386-linux-gnu/libc.so
START GROUP
LOAD /lib/i386-linux-gnu/libc.so.6
LOAD /usr/lib/i386-linux-gnu/libc_nonshared.a
LOAD /lib/i386-linux-gnu/ld-linux.so.2
END GROUP
LOAD /usr/lib/gcc/i686-linux-gnu/4.8/libgcc.a
LOAD /usr/lib/gcc/i686-linux-gnu/4.8/libgcc_s.so
LOAD /usr/lib/gcc/i686-linux-gnu/4.8/../../../i386-linux-gnu/libc.so
START GROUP
LOAD /lib/i386-linux-gnu/libc.so.6
LOAD /usr/lib/i386-linux-gnu/libc_nonshared.a
LOAD /lib/i386-linux-gnu/ld-linux.so.2
END GROUP
LOAD /usr/lib/gcc/i686-linux-gnu/4.8/libgcc.a
LOAD /usr/lib/gcc/i686-linux-gnu/4.8/libgcc_s.so
LOAD /usr/lib/gcc/i686-linux-gnu/4.8/crtend.o
LOAD /usr/lib/gcc/i686-linux-gnu/4.8/../../../i386-linux-gnu/crtn.o
                0x0000000008048000                PROVIDE (__executable_start, 0x8048000)
                0x0000000008048154                . = (0x8048000 + SIZEOF_HEADERS)

.interp         0x0000000008048154       0x13
 *(.interp)
 .interp        0x0000000008048154       0x13 /usr/lib/gcc/i686-linux-gnu/4.8/../../../i386-linux-gnu/crt1.o

.note.ABI-tag   0x0000000008048168       0x20
 .note.ABI-tag  0x0000000008048168       0x20 /usr/lib/gcc/i686-linux-gnu/4.8/../../../i386-linux-gnu/crt1.o

.note.gnu.build-id
                0x0000000008048188       0x24
 *(.note.gnu.build-id)
 .note.gnu.build-id
                0x0000000008048188       0x24 /usr/lib/gcc/i686-linux-gnu/4.8/../../../i386-linux-gnu/crt1.o

.hash
 *(.hash)

.gnu.hash       0x00000000080481ac       0x50
 *(.gnu.hash)
 .gnu.hash      0x00000000080481ac       0x50 /usr/lib/gcc/i686-linux-gnu/4.8/../../../i386-linux-gnu/crt1.o

.dynsym         0x00000000080481fc      0x660
 *(.dynsym)
 .dynsym        0x00000000080481fc      0x660 /usr/lib/gcc/i686-linux-gnu/4.8/../../../i386-linux-gnu/crt1.o

.dynstr         0x000000000804885c      0x45a
 *(.dynstr)
 .dynstr        0x000000000804885c      0x45a /usr/lib/gcc/i686-linux-gnu/4.8/../../../i386-linux-gnu/crt1.o

.gnu.version    0x0000000008048cb6       0xcc
 *(.gnu.version)
 .gnu.version   0x0000000008048cb6       0xcc /usr/lib/gcc/i686-linux-gnu/4.8/../../../i386-linux-gnu/crt1.o

.gnu.version_d  0x0000000008048d84        0x0
 *(.gnu.version_d)
 .gnu.version_d
                0x0000000000000000        0x0 /usr/lib/gcc/i686-linux-gnu/4.8/../../../i386-linux-gnu/crt1.o

.gnu.version_r  0x0000000008048d84       0x90
 *(.gnu.version_r)
 .gnu.version_r
                0x0000000008048d84       0x90 /usr/lib/gcc/i686-linux-gnu/4.8/../../../i386-linux-gnu/crt1.o

.rel.dyn        0x0000000008048e14       0x28
 *(.rel.init)
 *(.rel.text .rel.text.* .rel.gnu.linkonce.t.*)
 .rel.text      0x0000000000000000        0x0 /usr/lib/gcc/i686-linux-gnu/4.8/../../../i386-linux-gnu/crt1.o
 .rel.text.startup
                0x0000000000000000        0x0 /usr/lib/gcc/i686-linux-gnu/4.8/../../../i386-linux-gnu/crt1.o
 *(.rel.fini)
 *(.rel.rodata .rel.rodata.* .rel.gnu.linkonce.r.*)
 *(.rel.data.rel.ro .rel.data.rel.ro.* .rel.gnu.linkonce.d.rel.ro.*)
 *(.rel.data .rel.data.* .rel.gnu.linkonce.d.*)
 *(.rel.tdata .rel.tdata.* .rel.gnu.linkonce.td.*)
 *(.rel.tbss .rel.tbss.* .rel.gnu.linkonce.tb.*)
 *(.rel.ctors)
 *(.rel.dtors)
 *(.rel.got)
 .rel.got       0x0000000008048e14        0x8 /usr/lib/gcc/i686-linux-gnu/4.8/../../../i386-linux-gnu/crt1.o
 *(.rel.bss .rel.bss.* .rel.gnu.linkonce.b.*)
 .rel.bss       0x0000000008048e1c       0x20 /usr/lib/gcc/i686-linux-gnu/4.8/../../../i386-linux-gnu/crt1.o
 *(.rel.ifunc)

.rel.plt        0x0000000008048e3c      0x2b8
 *(.rel.plt)
 .rel.plt       0x0000000008048e3c      0x2b8 /usr/lib/gcc/i686-linux-gnu/4.8/../../../i386-linux-gnu/crt1.o
                0x00000000080490f4                PROVIDE (__rel_iplt_start, .)
 *(.rel.iplt)
 .rel.iplt      0x0000000000000000        0x0 /usr/lib/gcc/i686-linux-gnu/4.8/../../../i386-linux-gnu/crt1.o
                0x00000000080490f4                PROVIDE (__rel_iplt_end, .)

.init           0x00000000080490f4       0x23
 *(SORT(.init))
 .init          0x00000000080490f4       0x1e /usr/lib/gcc/i686-linux-gnu/4.8/../../../i386-linux-gnu/crti.o
                0x00000000080490f4                _init
 .init          0x0000000008049112        0x5 /usr/lib/gcc/i686-linux-gnu/4.8/../../../i386-linux-gnu/crtn.o

.plt            0x0000000008049120      0x580
 *(.plt)
 .plt           0x0000000008049120      0x580 /usr/lib/gcc/i686-linux-gnu/4.8/../../../i386-linux-gnu/crt1.o
                0x0000000008049130                getpwnam@@GLIBC_2.0
                0x0000000008049140                IPC_set_owner
                0x0000000008049150                dup2@@GLIBC_2.0
                0x0000000008049160                __snprintf_chk@@GLIBC_2.3.4
                0x0000000008049170                PCD_api_find_process_id
                0x0000000008049180                strcmp@@GLIBC_2.0
                0x0000000008049190                read@@GLIBC_2.0
                0x00000000080491a0                fflush@@GLIBC_2.0
                0x00000000080491b0                _exit@@GLIBC_2.0
                0x00000000080491c0                sigprocmask@@GLIBC_2.0
                0x00000000080491d0                free@@GLIBC_2.0
                0x00000000080491e0                memcpy@@GLIBC_2.0
                0x00000000080491f0                fgets@@GLIBC_2.0
                0x0000000008049200                IPC_get_msg
                0x0000000008049210                fclose@@GLIBC_2.1
                0x0000000008049220                signal@@GLIBC_2.0
                0x0000000008049230                lseek@@GLIBC_2.0
                0x0000000008049240                gettimeofday@@GLIBC_2.0
                0x0000000008049250                select@@GLIBC_2.0
                0x0000000008049260                ctime@@GLIBC_2.0
                0x0000000008049270                IPC_stop
                0x0000000008049280                __stack_chk_fail@@GLIBC_2.4
                0x0000000008049290                __fdelt_chk@@GLIBC_2.15
                0x00000000080492a0                unlink@@GLIBC_2.0
                0x00000000080492b0                execvp@@GLIBC_2.0
                0x00000000080492c0                strsignal@@GLIBC_2.0
                0x00000000080492d0                ioctl@@GLIBC_2.0
                0x00000000080492e0                IPC_init
                0x00000000080492f0                __xstat@@GLIBC_2.0
                0x0000000008049300                waitpid@@GLIBC_2.0
                0x0000000008049310                usleep@@GLIBC_2.0
                0x0000000008049320                strcpy@@GLIBC_2.0
                0x0000000008049330                getpid@@GLIBC_2.0
                0x0000000008049340                sched_getparam@@GLIBC_2.0
                0x0000000008049350                daemon@@GLIBC_2.0
                0x0000000008049360                getenv@@GLIBC_2.0
                0x0000000008049370                malloc@@GLIBC_2.0
                0x0000000008049380                setpriority@@GLIBC_2.0
                0x0000000008049390                puts@@GLIBC_2.0
                0x00000000080493a0                strerror@@GLIBC_2.0
                0x00000000080493b0                __memcpy_chk@@GLIBC_2.3.4
                0x00000000080493c0                IPC_get_context_by_owner
                0x00000000080493e0                exit@@GLIBC_2.0
                0x00000000080493f0                kill@@GLIBC_2.0
                0x0000000008049400                open@@GLIBC_2.0
                0x0000000008049410                IPC_wait_msg
                0x0000000008049420                getopt_long@@GLIBC_2.0
                0x0000000008049430                IPC_get_msg_context
                0x0000000008049440                strtoul@@GLIBC_2.0
                0x0000000008049450                strchr@@GLIBC_2.0
                0x0000000008049460                setreuid@@GLIBC_2.0
                0x0000000008049470                strlen@@GLIBC_2.0
                0x0000000008049480                __libc_start_main@@GLIBC_2.0
                0x0000000008049490                write@@GLIBC_2.0
                0x00000000080494a0                strcasecmp@@GLIBC_2.0
                0x00000000080494b0                sigaddset@@GLIBC_2.0
                0x00000000080494c0                fopen@@GLIBC_2.1
                0x00000000080494d0                IPC_cleanup_proc
                0x00000000080494e0                ftruncate@@GLIBC_2.0
                0x00000000080494f0                __errno_location@@GLIBC_2.0
                0x0000000008049500                strncpy@@GLIBC_2.0
                0x0000000008049510                __strncpy_chk@@GLIBC_2.3.4
                0x0000000008049520                __strcpy_chk@@GLIBC_2.3.4
                0x0000000008049530                IPC_alloc_msg
                0x0000000008049540                __printf_chk@@GLIBC_2.3.4
                0x0000000008049550                strtok@@GLIBC_2.0
                0x0000000008049560                fork@@GLIBC_2.0
                0x0000000008049570                sigemptyset@@GLIBC_2.0
                0x0000000008049580                strpbrk@@GLIBC_2.0
                0x0000000008049590                IPC_reply_msg
                0x00000000080495a0                IPC_free_msg
                0x00000000080495b0                socket@@GLIBC_2.0
                0x00000000080495c0                __fprintf_chk@@GLIBC_2.3.4
                0x00000000080495d0                clock_gettime@@GLIBC_2.2
                0x00000000080495e0                sigaction@@GLIBC_2.0
                0x00000000080495f0                strncmp@@GLIBC_2.0
                0x0000000008049600                abort@@GLIBC_2.0
                0x0000000008049610                IPC_start
                0x0000000008049620                strtol@@GLIBC_2.0
                0x0000000008049630                fputs@@GLIBC_2.0
                0x0000000008049640                close@@GLIBC_2.0
                0x0000000008049650                mkfifo@@GLIBC_2.0
                0x0000000008049660                sched_setscheduler@@GLIBC_2.0
                0x0000000008049670                __ctype_b_loc@@GLIBC_2.3
                0x0000000008049680                __sprintf_chk@@GLIBC_2.3.4
                0x0000000008049690                strncat@@GLIBC_2.0
 *(.iplt)
 .iplt          0x0000000000000000        0x0 /usr/lib/gcc/i686-linux-gnu/4.8/../../../i386-linux-gnu/crt1.o

.text           0x00000000080496a0     0x6612
 *(.text.unlikely .text.*_unlikely .text.unlikely.*)
 *(.text.exit .text.exit.*)
 *(.text.startup .text.startup.*)
 .text.startup  0x00000000080496a0      0x187 main.o
                0x00000000080496a0                main
 *(.text.hot .text.hot.*)
 *(.text .stub .text.* .gnu.linkonce.t.*)
 .text          0x0000000008049827       0x22 /usr/lib/gcc/i686-linux-gnu/4.8/../../../i386-linux-gnu/crt1.o
                0x0000000008049827                _start
 .text          0x0000000008049849        0x0 /usr/lib/gcc/i686-linux-gnu/4.8/../../../i386-linux-gnu/crti.o
 *fill*         0x0000000008049849        0x7 
 .gnu.linkonce.t.__x86.get_pc_thunk.bx
                0x0000000008049850        0x4 /usr/lib/gcc/i686-linux-gnu/4.8/../../../i386-linux-gnu/crti.o
                0x0000000008049850                __x86.get_pc_thunk.bx
 *fill*         0x0000000008049854        0xc 
 .text          0x0000000008049860       0xbd /usr/lib/gcc/i686-linux-gnu/4.8/crtbegin.o
 *fill*         0x000000000804991d        0x3 
 .text          0x0000000008049920      0x483 condchk.o
                0x0000000008049920                PCD_start_cond_check_NONE
                0x0000000008049930                PCD_end_cond_check_NONE
                0x0000000008049940                PCD_end_cond_check_EXIT
                0x0000000008049970                PCD_end_cond_check_PROCESS_READY
                0x00000000080499a0                PCD_end_cond_check_WAIT
                0x00000000080499e0                PCD_start_cond_check_FILE
                0x0000000008049a20                PCD_end_cond_check_FILE
                0x0000000008049a60                PCD_start_cond_check_RULE_COMPLETED
                0x0000000008049b90                PCD_start_cond_check_IPC_OWNER
                0x0000000008049bb0                PCD_end_cond_check_IPC_OWNER
                0x0000000008049be0                PCD_start_cond_check_ENV_VAR
                0x0000000008049c20                PCD_start_cond_check_NETDEVICE
                0x0000000008049cd0                PCD_end_cond_check_NETDEVICE
                0x0000000008049d80                PCD_start_cond_check_get_function
                0x0000000008049d90                PCD_end_cond_check_get_function
                0x0000000008049da0                PCD_start_cond_check_PNAME
 *fill*         0x0000000008049da3        0xd 
 .text          0x0000000008049db0      0x332 errlog.o
                0x0000000008049f80                PCD_errlog_init
                0x0000000008049fe0                PCD_errlog_close
                0x000000000804a020                PCD_errlog_log
 *fill*         0x000000000804a0e2        0xe 
 .text          0x000000000804a0f0      0x71c except.o
                0x000000000804a540                PCD_exception_init
                0x000000000804a6b0                PCD_exception_close
                0x000000000804a6f0                PCD_exception_listen
 *fill*         0x000000000804a80c        0x4 
 .text          0x000000000804a810      0x26c failact.o
                0x000000000804a810                PCD_failure_action_NONE
                0x000000000804a8d0                PCD_failure_action_REBOOT
                0x000000000804a900                PCD_failure_action_RESTART
                0x000000000804a940                PCD_failure_action_EXEC_RULE
                0x000000000804aa70                PCD_failure_action_get_function
 *fill*         0x000000000804aa7c        0x4 
 .text          0x000000000804aa80      0x549 main.o
                0x000000000804aa80                PCD_main_parse_params
                0x000000000804ae60                PCD_main_set_self_priority
                0x000000000804aeb0                PCD_main_init
                0x000000000804af60                PCD_main_loop
 *fill*         0x000000000804afc9        0x7 
 .text          0x000000000804afd0      0x164 misc.o
                0x000000000804afd0                PCD_misc_reduce_net_rx_priority
                0x000000000804b0b0                PCD_misc_restore_net_rx_priority
 *fill*         0x000000000804b134        0xc 
 .text          0x000000000804b140     0x1bc2 parser.o
                0x000000000804cb20                PCD_parser_parse
                0x000000000804ccf0                PCD_parser_enable_verbose
 *fill*         0x000000000804cd02        0xe 
 .text          0x000000000804cd10      0x8ab pcd_api.o
                0x000000000804cd70                PCD_api_init
                0x000000000804ced0                PCD_api_deinit
                0x000000000804cef0                PCD_api_check_messages
                0x000000000804d3f0                PCD_api_reply_message
 *fill*         0x000000000804d5bb        0x5 
 .text          0x000000000804d5c0     0x1693 process.o
                0x000000000804ddf0                PCD_process_enqueue
                0x000000000804df90                PCD_process_stop
                0x000000000804e0d0                PCD_process_init
                0x000000000804e290                PCD_process_iterate_start
                0x000000000804e340                PCD_process_iterate_stop
                0x000000000804e8b0                PCD_process_signal_by_rule
                0x000000000804e970                PCD_process_get_rule_by_pid
                0x000000000804e9a0                PCD_process_reboot
 *fill*         0x000000000804ec53        0xd 
 .text          0x000000000804ec60      0x69a rules_db.o
                0x000000000804ec60                PCD_rulesdb_add_rule
                0x000000000804ef50                PCD_rulesdb_get_rule_by_id
                0x000000000804f0a0                PCD_rulesdb_get_rule_by_pid
                0x000000000804f0e0                PCD_rulesdb_get_first
                0x000000000804f100                PCD_rulesdb_get_next
                0x000000000804f150                PCD_rulesdb_activate
                0x000000000804f260                PCD_rulesdb_setup_optional_params
                0x000000000804f2c0                PCD_rulesdb_clear_optional_params
 *fill*         0x000000000804f2fa        0x6 
 .text          0x000000000804f300      0x939 timer.o
                0x000000000804f610                PCD_timer_init
                0x000000000804f620                PCD_timer_iterate
                0x000000000804faf0                PCD_timer_start
                0x000000000804fb00                PCD_timer_stop
                0x000000000804fb10                PCD_timer_enqueue_rule
                0x000000000804fb90                PCD_timer_dequeue_rule
 *fill*         0x000000000804fc39        0x7 
 .text          0x000000000804fc40       0x72 /usr/lib/i386-linux-gnu/libc_nonshared.a(elf-init.oS)
                0x000000000804fc40                __libc_csu_init
                0x000000000804fcb0                __libc_csu_fini
 .text          0x000000000804fcb2        0x0 /usr/lib/gcc/i686-linux-gnu/4.8/crtend.o
 .text          0x000000000804fcb2        0x0 /usr/lib/gcc/i686-linux-gnu/4.8/../../../i386-linux-gnu/crtn.o
 *(.gnu.warning)

.fini           0x000000000804fcb4       0x14
 *(SORT(.fini))
 .fini          0x000000000804fcb4        0xf /usr/lib/gcc/i686-linux-gnu/4.8/../../../i386-linux-gnu/crti.o
                0x000000000804fcb4                _fini
 .fini          0x000000000804fcc3        0x5 /usr/lib/gcc/i686-linux-gnu/4.8/../../../i386-linux-gnu/crtn.o
                0x000000000804fcc8                PROVIDE (__etext, .)
                0x000000000804fcc8                PROVIDE (_etext, .)
                0x000000000804fcc8                PROVIDE (etext, .)

.rodata         0x000000000804fce0     0x184c
 *(.rodata .rodata.* .gnu.linkonce.r.*)
 .rodata        0x000000000804fce0        0x4 /usr/lib/gcc/i686-linux-gnu/4.8/../../../i386-linux-gnu/crt1.o
                0x000000000804fce0                _fp_hw
 .rodata.cst4   0x000000000804fce4        0x4 /usr/lib/gcc/i686-linux-gnu/4.8/../../../i386-linux-gnu/crt1.o
                0x000000000804fce4                _IO_stdin_used
 .rodata.str1.1
                0x000000000804fce8        0xe condchk.o
                                         0x11 (size before relaxing)
 *fill*         0x000000000804fcf6        0x2 
 .rodata.str1.4
                0x000000000804fcf8       0x24 condchk.o
 *fill*         0x000000000804fd1c        0x4 
 .rodata        0x000000000804fd20       0x3c condchk.o
 .rodata.str1.1
                0x000000000804fd5c      0x215 except.o
                                        0x226 (size before relaxing)
 *fill*         0x000000000804ff71        0x3 
 .rodata.str1.4
                0x000000000804ff74      0x1f3 except.o
 *fill*         0x0000000008050167        0x1 
 .rodata        0x0000000008050168       0x48 except.o
 .rodata.str1.1
                0x00000000080501b0       0x18 failact.o
                                         0x29 (size before relaxing)
 .rodata.str1.4
                0x00000000080501c8       0x6e failact.o
 *fill*         0x0000000008050236        0x2 
 .rodata        0x0000000008050238       0x14 failact.o
 .rodata.str1.1
                0x000000000805024c       0x92 main.o
                                         0xa3 (size before relaxing)
 *fill*         0x00000000080502de        0x2 
 .rodata.str1.4
                0x00000000080502e0      0x3f3 main.o
 *fill*         0x00000000080506d3        0xd 
 .rodata        0x00000000080506e0       0xa0 main.o
 .rodata.str1.1
                0x0000000008050780       0x10 misc.o
                                         0x19 (size before relaxing)
 .rodata.str1.4
                0x0000000008050790       0x63 misc.o
 .rodata.str1.1
                0x00000000080507f3      0x218 parser.o
                                        0x230 (size before relaxing)
 *fill*         0x0000000008050a0b        0x1 
 .rodata.str1.4
                0x0000000008050a0c      0x384 parser.o
 *fill*         0x0000000008050d90       0x10 
 .rodata        0x0000000008050da0       0x7c parser.o
 .rodata.str1.1
                0x0000000008050e1c       0x60 pcd_api.o
                                         0x7b (size before relaxing)
 .rodata.str1.4
                0x0000000008050e7c      0x187 pcd_api.o
 *fill*         0x0000000008051003        0x1 
 .rodata        0x0000000008051004       0x38 pcd_api.o
 .rodata.str1.1
                0x000000000805103c       0x44 process.o
                                         0x5f (size before relaxing)
 .rodata.str1.4
                0x0000000008051080      0x387 process.o
 *fill*         0x0000000008051407        0x1 
 .rodata        0x0000000008051408       0x20 process.o
 .rodata.str1.1
                0x0000000000000000       0x11 rules_db.o
 .rodata.str1.4
                0x0000000008051428       0x53 rules_db.o
                                         0x77 (size before relaxing)
 .rodata.str1.1
                0x000000000805147b       0x32 timer.o
                                         0x48 (size before relaxing)
 *fill*         0x00000000080514ad        0x3 
 .rodata.str1.4
                0x00000000080514b0       0x7c timer.o
                                         0x7a (size before relaxing)

.rodata1
 *(.rodata1)

.eh_frame_hdr   0x000000000805152c      0x2ec
 *(.eh_frame_hdr)
 .eh_frame_hdr  0x000000000805152c      0x2ec condchk.o

.eh_frame       0x0000000008051818      0xf20
 *(.eh_frame)
 .eh_frame      0x0000000008051818       0x3c /usr/lib/gcc/i686-linux-gnu/4.8/../../../i386-linux-gnu/crt1.o
                                         0x40 (size before relaxing)
 .eh_frame      0x0000000008051854      0x1bc condchk.o
                                        0x1d4 (size before relaxing)
 .eh_frame      0x0000000008051a10       0xac errlog.o
                                         0xc4 (size before relaxing)
 .eh_frame      0x0000000008051abc       0xbc except.o
                                         0xd4 (size before relaxing)
 .eh_frame      0x0000000008051b78       0xa8 failact.o
                                         0xc0 (size before relaxing)
 .eh_frame      0x0000000008051c20       0xbc main.o
                                         0xd4 (size before relaxing)
 .eh_frame      0x0000000008051cdc       0x4c misc.o
                                         0x64 (size before relaxing)
 .eh_frame      0x0000000008051d28      0x388 parser.o
                                        0x3a0 (size before relaxing)
 .eh_frame      0x00000000080520b0      0x100 pcd_api.o
                                        0x118 (size before relaxing)
 .eh_frame      0x00000000080521b0      0x248 process.o
                                        0x260 (size before relaxing)
 .eh_frame      0x00000000080523f8      0x150 rules_db.o
                                        0x168 (size before relaxing)
 .eh_frame      0x0000000008052548      0x19c timer.o
                                        0x1b4 (size before relaxing)
 .eh_frame      0x00000000080526e4       0x50 /usr/lib/i386-linux-gnu/libc_nonshared.a(elf-init.oS)
                                         0x7c (size before relaxing)
 .eh_frame      0x0000000008052734        0x4 /usr/lib/gcc/i686-linux-gnu/4.8/crtend.o

.gcc_except_table
 *(.gcc_except_table .gcc_except_table.*)

.exception_ranges
 *(.exception_ranges .exception_ranges*)
                0x0000000008052738                . = (ALIGN (0x1000) - ((0x1000 - .) & 0xfff))
                0x0000000008053ef0                . = DATA_SEGMENT_ALIGN (0x1000, 0x1000)

.eh_frame
 *(.eh_frame)

.gcc_except_table
 *(.gcc_except_table .gcc_except_table.*)

.exception_ranges
 *(.exception_ranges .exception_ranges*)

.tdata
 *(.tdata .tdata.* .gnu.linkonce.td.*)

.tbss
 *(.tbss .tbss.* .gnu.linkonce.tb.*)
 *(.tcommon)

.preinit_array  0x0000000008053ef0        0x0
                0x0000000008053ef0                PROVIDE (__preinit_array_start, .)
 *(.preinit_array)
                0x0000000008053ef0                PROVIDE (__preinit_array_end, .)

.init_array     0x0000000008053ef0        0x4
                0x0000000008053ef0                PROVIDE (__init_array_start, .)
 *(SORT(.init_array.*) SORT(.ctors.*))
 *(.init_array EXCLUDE_FILE(*crtend?.o *crtend.o *crtbegin?.o *crtbegin.o) .ctors)
 .init_array    0x0000000008053ef0        0x4 /usr/lib/gcc/i686-linux-gnu/4.8/crtbegin.o
                0x0000000008053ef4                PROVIDE (__init_array_end, .)

.fini_array     0x0000000008053ef4        0x4
                0x0000000008053ef4                PROVIDE (__fini_array_start, .)
 *(SORT(.fini_array.*) SORT(.dtors.*))
 *(.fini_array EXCLUDE_FILE(*crtend?.o *crtend.o *crtbegin?.o *crtbegin.o) .dtors)
 .fini_array    0x0000000008053ef4        0x4 /usr/lib/gcc/i686-linux-gnu/4.8/crtbegin.o
                0x0000000008053ef8                PROVIDE (__fini_array_end, .)

.ctors
 *crtbegin.o(.ctors)
 *crtbegin?.o(.ctors)
 *(EXCLUDE_FILE(*crtend?.o *crtend.o) .ctors)
 *(SORT(.ctors.*))
 *(.ctors)

.dtors
 *crtbegin.o(.dtors)
 *crtbegin?.o(.dtors)
 *(EXCLUDE_FILE(*crtend?.o *crtend.o) .dtors)
 *(SORT(.dtors.*))
 *(.dtors)

.jcr            0x0000000008053ef8        0x4
 *(.jcr)
 .jcr           0x0000000008053ef8        0x0 /usr/lib/gcc/i686-linux-gnu/4.8/crtbegin.o
 .jcr           0x0000000008053ef8        0x4 /usr/lib/gcc/i686-linux-gnu/4.8/crtend.o

.data.rel.ro
 *(.data.rel.ro.local* .gnu.linkonce.d.rel.ro.local.*)
 *(.data.rel.ro .data.rel.ro.* .gnu.linkonce.d.rel.ro.*)

.dynamic        0x0000000008053efc      0x100
 *(.dynamic)
 .dynamic       0x0000000008053efc      0x100 /usr/lib/gcc/i686-linux-gnu/4.8/../../../i386-linux-gnu/crt1.o
                0x0000000008053efc                _DYNAMIC

.got            0x0000000008053ffc        0x4
 *(.got)
 .got           0x0000000008053ffc        0x4 /usr/lib/gcc/i686-linux-gnu/4.8/../../../i386-linux-gnu/crt1.o
 *(.igot)
                0x0000000008054ff4                . = DATA_SEGMENT_RELRO_END (., (SIZEOF (.got.plt) >= 0xc)?0xc:0x0)

.got.plt        0x0000000008054000      0x168
 *(.got.plt)
 .got.plt       0x0000000008054000      0x168 /usr/lib/gcc/i686-linux-gnu/4.8/../../../i386-linux-gnu/crt1.o
                0x0000000008054000                _GLOBAL_OFFSET_TABLE_
 *(.igot.plt)
 .igot.plt      0x0000000000000000        0x0 /usr/lib/gcc/i686-linux-gnu/4.8/../../../i386-linux-gnu/crt1.o

.data           0x0000000008054180      0x15c
 *(.data .data.* .gnu.linkonce.d.*)
 .data          0x0000000008054180        0x4 /usr/lib/gcc/i686-linux-gnu/4.8/../../../i386-linux-gnu/crt1.o
                0x0000000008054180                data_start
                0x0000000008054180                __data_start
 .data          0x0000000008054184        0x0 /usr/lib/gcc/i686-linux-gnu/4.8/../../../i386-linux-gnu/crti.o
 .data          0x0000000008054184        0x4 /usr/lib/gcc/i686-linux-gnu/4.8/crtbegin.o
                0x0000000008054184                __dso_handle
 .data          0x0000000008054188        0x0 condchk.o
 .data          0x0000000008054188        0x4 errlog.o
 .data          0x000000000805418c        0x4 except.o
 .data          0x0000000008054190        0x0 failact.o
 .data          0x0000000008054190        0x4 main.o
                0x0000000008054190                PCD_TIMER_TICK
 .data          0x0000000008054194        0x0 misc.o
 *fill*         0x0000000008054194        0xc 
 .data          0x00000000080541a0       0xf0 parser.o
                0x00000000080541c0                keywordHandlersList
 .data          0x0000000008054290        0x0 pcd_api.o
 .data          0x0000000008054290        0x0 process.o
 .data          0x0000000008054290        0x0 rules_db.o
 *fill*         0x0000000008054290       0x10 
 .data          0x00000000080542a0       0x3c timer.o
                0x00000000080542a0                endCondFuncs
                0x00000000080542c0                startCondFuncs
 .data          0x00000000080542dc        0x0 /usr/lib/i386-linux-gnu/libc_nonshared.a(elf-init.oS)
 .data          0x00000000080542dc        0x0 /usr/lib/gcc/i686-linux-gnu/4.8/crtend.o
 .data          0x00000000080542dc        0x0 /usr/lib/gcc/i686-linux-gnu/4.8/../../../i386-linux-gnu/crtn.o

.tm_clone_table
                0x00000000080542dc        0x0
 .tm_clone_table
                0x00000000080542dc        0x0 /usr/lib/gcc/i686-linux-gnu/4.8/crtbegin.o
 .tm_clone_table
                0x00000000080542dc        0x0 /usr/lib/gcc/i686-linux-gnu/4.8/crtend.o

.data1
 *(.data1)
                0x00000000080542dc                _edata = .
                0x00000000080542dc                PROVIDE (edata, .)
                0x00000000080542dc                . = .
                0x00000000080542dc                __bss_start = .

.bss            0x00000000080542e0      0x2e0
 *(.dynbss)
 .dynbss        0x00000000080542e0       0x2c /usr/lib/gcc/i686-linux-gnu/4.8/../../../i386-linux-gnu/crt1.o
                0x00000000080542e0                stderr@@GLIBC_2.0
                0x0000000008054300                stdout@@GLIBC_2.0
                0x0000000008054304                opterr@@GLIBC_2.0
                0x0000000008054308                optarg@@GLIBC_2.0
 *(.bss .bss.* .gnu.linkonce.b.*)
 .bss           0x000000000805430c        0x0 /usr/lib/gcc/i686-linux-gnu/4.8/../../../i386-linux-gnu/crt1.o
 .bss           0x000000000805430c        0x0 /usr/lib/gcc/i686-linux-gnu/4.8/../../../i386-linux-gnu/crti.o
 .bss           0x000000000805430c        0x1 /usr/lib/gcc/i686-linux-gnu/4.8/crtbegin.o
 .bss           0x000000000805430d        0x0 condchk.o
 *fill*         0x000000000805430d        0x3 
 .bss           0x0000000008054310        0x4 errlog.o
 *fill*         0x0000000008054314        0xc 
 .bss           0x0000000008054320       0x80 except.o
 .bss           0x00000000080543a0        0x0 failact.o
 .bss           0x00000000080543a0       0x10 main.o
                0x00000000080543a0                debugMode
                0x00000000080543a4                verboseOutput
 .bss           0x00000000080543b0        0x8 misc.o
 *fill*         0x00000000080543b8        0x8 
 .bss           0x00000000080543c0      0x1dc parser.o
 .bss           0x000000000805459c        0x4 pcd_api.o
 .bss           0x00000000080545a0        0x4 process.o
                0x00000000080545a0                procList
 .bss           0x00000000080545a4        0xc rules_db.o
 .bss           0x00000000080545b0       0x10 timer.o
 .bss           0x00000000080545c0        0x0 /usr/lib/i386-linux-gnu/libc_nonshared.a(elf-init.oS)
 .bss           0x00000000080545c0        0x0 /usr/lib/gcc/i686-linux-gnu/4.8/crtend.o
 .bss           0x00000000080545c0        0x0 /usr/lib/gcc/i686-linux-gnu/4.8/../../../i386-linux-gnu/crtn.o
 *(COMMON)
                0x00000000080545c0                . = ALIGN ((. != 0x0)?0x4:0x1)
                0x00000000080545c0                . = ALIGN (0x4)
                0x00000000080545c0                . = SEGMENT_START ("ldata-segment", .)
                0x00000000080545c0                . = ALIGN (0x4)
                0x00000000080545c0                _end = .
                0x00000000080545c0                PROVIDE (end, .)
                0x00000000080545c0                . = DATA_SEGMENT_END (.)

.stab
 *(.stab)

.stabstr
 *(.stabstr)

.stab.excl
 *(.stab.excl)

.stab.exclstr
 *(.stab.exclstr)

.stab.index
 *(.stab.index)

.stab.indexstr
 *(.stab.indexstr)

.comment        0x0000000000000000       0x4d
 *(.comment)
 .comment       0x0000000000000000       0x29 /usr/lib/gcc/i686-linux-gnu/4.8/crtbegin.o
                                         0x2a (size before relaxing)
 .comment       0x0000000000000000       0x2a condchk.o
 .comment       0x0000000000000000       0x2a errlog.o
 .comment       0x0000000000000000       0x2a except.o
 .comment       0x0000000000000000       0x2a failact.o
 .comment       0x0000000000000000       0x2a main.o
 .comment       0x0000000000000000       0x2a misc.o
 .comment       0x0000000000000000       0x2a parser.o
 .comment       0x0000000000000000       0x2a pcd_api.o
 .comment       0x0000000000000000       0x2a process.o
 .comment       0x0000000000000000       0x2a rules_db.o
 .comment       0x0000000000000000       0x2a timer.o
 .comment       0x0000000000000029       0x24 /usr/lib/i386-linux-gnu/libc_nonshared.a(elf-init.oS)
                                         0x25 (size before relaxing)
 .comment       0x0000000000000000       0x2a /usr/lib/gcc/i686-linux-gnu/4.8/crtend.o

.debug
 *(.debug)

.line
 *(.line)

.debug_srcinfo
 *(.debug_srcinfo)

.debug_sfnames
 *(.debug_sfnames)

.debug_aranges  0x0000000000000000      0x168
 *(.debug_aranges)
 .debug_aranges
                0x0000000000000000       0x20 condchk.o
 .debug_aranges
                0x0000000000000020       0x20 errlog.o
 .debug_aranges
                0x0000000000000040       0x20 except.o
 .debug_aranges
                0x0000000000000060       0x20 failact.o
 .debug_aranges
                0x0000000000000080       0x28 main.o
 .debug_aranges
                0x00000000000000a8       0x20 misc.o
 .debug_aranges
                0x00000000000000c8       0x20 parser.o
 .debug_aranges
                0x00000000000000e8       0x20 pcd_api.o
 .debug_aranges
                0x0000000000000108       0x20 process.o
 .debug_aranges
                0x0000000000000128       0x20 rules_db.o
 .debug_aranges
                0x0000000000000148       0x20 timer.o

.debug_pubnames
 *(.debug_pubnames)

.debug_info     0x0000000000000000    0x10688
 *(.debug_info .gnu.linkonce.wi.*)
 .debug_info    0x0000000000000000     0x155c condchk.o
 .debug_info    0x000000000000155c      0x8e9 errlog.o
 .debug_info    0x0000000000001e45     0x12cb except.o
 .debug_info    0x0000000000003110      0xda4 failact.o
 .debug_info    0x0000000000003eb4      0xff8 main.o
 .debug_info    0x0000000000004eac      0x60b misc.o
 .debug_info    0x00000000000054b7     0x3cc9 parser.o
 .debug_info    0x0000000000009180     0x18b0 pcd_api.o
 .debug_info    0x000000000000aa30     0x3025 process.o
 .debug_info    0x000000000000da55     0x13d2 rules_db.o
 .debug_info    0x000000000000ee27     0x1861 timer.o

.debug_abbrev   0x0000000000000000     0x2790
 *(.debug_abbrev)
 .debug_abbrev  0x0000000000000000      0x37d condchk.o
 .debug_abbrev  0x000000000000037d      0x2a4 errlog.o
 .debug_abbrev  0x0000000000000621      0x3a2 except.o
 .debug_abbrev  0x00000000000009c3      0x324 failact.o
 .debug_abbrev  0x0000000000000ce7      0x353 main.o
 .debug_abbrev  0x000000000000103a      0x1ac misc.o
 .debug_abbrev  0x00000000000011e6      0x4c1 parser.o
 .debug_abbrev  0x00000000000016a7      0x380 pcd_api.o
 .debug_abbrev  0x0000000000001a27      0x535 process.o
 .debug_abbrev  0x0000000000001f5c      0x3fe rules_db.o
 .debug_abbrev  0x000000000000235a      0x436 timer.o

.debug_line     0x0000000000000000     0x32e8
 *(.debug_line .debug_line.* .debug_line_end)
 .debug_line    0x0000000000000000      0x43c condchk.o
 .debug_line    0x000000000000043c      0x287 errlog.o
 .debug_line    0x00000000000006c3      0x3e9 except.o
 .debug_line    0x0000000000000aac      0x2a7 failact.o
 .debug_line    0x0000000000000d53      0x3eb main.o
 .debug_line    0x000000000000113e      0x23f misc.o
 .debug_line    0x000000000000137d      0x9a7 parser.o
 .debug_line    0x0000000000001d24      0x4e1 pcd_api.o
 .debug_line    0x0000000000002205      0x8b8 process.o
 .debug_line    0x0000000000002abd      0x3f9 rules_db.o
 .debug_line    0x0000000000002eb6      0x432 timer.o

.debug_frame
 *(.debug_frame)

.debug_str      0x0000000000000000     0x2b6f
 *(.debug_str)
 .debug_str     0x0000000000000000      0xee3 condchk.o
                                        0xfb5 (size before relaxing)
 .debug_str     0x0000000000000ee3      0x15b errlog.o
                                        0x4e3 (size before relaxing)
 .debug_str     0x000000000000103e      0x34a except.o
                                        0x90f (size before relaxing)
 .debug_str     0x0000000000001388      0x114 failact.o
                                        0xb13 (size before relaxing)
 .debug_str     0x000000000000149c      0x2d6 main.o
                                        0x704 (size before relaxing)
 .debug_str     0x0000000000001772       0xf0 misc.o
                                        0x4ad (size before relaxing)
 .debug_str     0x0000000000001862      0x7ae parser.o
                                       0x1172 (size before relaxing)
 .debug_str     0x0000000000002010      0x40f pcd_api.o
                                        0xed3 (size before relaxing)
 .debug_str     0x000000000000241f      0x41e process.o
                                       0x1282 (size before relaxing)
 .debug_str     0x000000000000283d      0x142 rules_db.o
                                        0xc48 (size before relaxing)
 .debug_str     0x000000000000297f      0x1f0 timer.o
                                        0xd14 (size before relaxing)

.debug_loc      0x0000000000000000     0x585f
 *(.debug_loc)
 .debug_loc     0x0000000000000000      0x41a condchk.o
 .debug_loc     0x000000000000041a      0x12b errlog.o
 .debug_loc     0x0000000000000545      0x566 except.o
 .debug_loc     0x0000000000000aab       0xfa failact.o
 .debug_loc     0x0000000000000ba5      0x1f8 main.o
 .debug_loc     0x0000000000000d9d       0x18 misc.o
 .debug_loc     0x0000000000000db5     0x1e8b parser.o
 .debug_loc     0x0000000000002c40      0x96e pcd_api.o
 .debug_loc     0x00000000000035ae     0x1483 process.o
 .debug_loc     0x0000000000004a31      0x5d8 rules_db.o
 .debug_loc     0x0000000000005009      0x856 timer.o

.debug_macinfo
 *(.debug_macinfo)

.debug_weaknames
 *(.debug_weaknames)

.debug_funcnames
 *(.debug_funcnames)

.debug_typenames
 *(.debug_typenames)

.debug_varnames
 *(.debug_varnames)

.debug_pubtypes
 *(.debug_pubtypes)

.debug_ranges   0x0000000000000000      0xd10
 *(.debug_ranges)
 .debug_ranges  0x0000000000000000       0x40 condchk.o
 .debug_ranges  0x0000000000000040       0x60 errlog.o
 .debug_ranges  0x00000000000000a0       0xd8 except.o
 .debug_ranges  0x0000000000000178       0x30 failact.o
 .debug_ranges  0x00000000000001a8       0xb0 main.o
 .debug_ranges  0x0000000000000258      0x460 parser.o
 .debug_ranges  0x00000000000006b8       0xb0 pcd_api.o
 .debug_ranges  0x0000000000000768      0x360 process.o
 .debug_ranges  0x0000000000000ac8       0xe0 rules_db.o
 .debug_ranges  0x0000000000000ba8      0x168 timer.o

.debug_macro
 *(.debug_macro)

.gnu.attributes
 *(.gnu.attributes)

/DISCARD/
 *(.note.GNU-stack)
 *(.gnu_debuglink)
 *(.gnu.lto_*)
OUTPUT(pcd elf32-i386)
